<!-- wp:paragraph -->
<p><strong>testtest</strong></p>
<!-- /wp:paragraph -->